main.c:62:6:setTimer0	16	static
main.c:67:6:timer_run	4	static
main.c:73:6:Display7SEG	16	static
main.c:206:6:update7SEG	16	static
main.c:253:6:updateClockBuffer	4	static
main.c:283:6:ResetLedMatrix	8	static
main.c:295:6:DisplayLedMatrix	16	static
main.c:321:6:updateLEDMatrix	16	static
main.c:362:6:DisplayLedMatrix1	16	static
main.c:382:6:updateLEDMatrixToLeft	16	static
main.c:425:5:main	16	static
main.c:502:6:SystemClock_Config	72	static
main.c:538:13:MX_TIM2_Init	32	static
main.c:583:13:MX_GPIO_Init	32	static
main.c:644:6:HAL_TIM_PeriodElapsedCallback	16	static
main.c:662:6:Error_Handler	4	static,ignoring_inline_asm
